"exampleapp:\/\/?superwall_debug=true&paywall_id=8832&token=sat_eyJhbGciOiJIUzI1NiJ9.eyJzY29wZXMiOlt7InNjb3BlIjoicGF5d2FsbF9wcmV2aWV3IiwiYXBwbGljYXRpb25JZCI6MTI3MH1dLCJpYXQiOjE2ODg2MjgxNTIsImV4cCI6NTA2NTI4Nzg3MiwiYXVkIjoicHduIiwiaXNzIjoicHduIiwic3ViIjoiNzAifQ.J0QNaycFlGY8ZQGBUwrySxkX43iPH2iV646EvJ5TvCg-1"