"false,com.ui_tests.monthly,template-c-template-3e47-2023-06-28-1"